
> faultline@0.1.0 build
> next build

Ôû▓ Next.js 16.2.7 (Turbopack)
- Environments: .env.local, .env

  Creating an optimized production build ...
Ô£ô Compiled successfully in 9.7s
  Running TypeScript ...
node.exe : Failed to type check.
At line:1 char:1
+ & "C:\Program Files\nodejs/node.exe" "C:\Program Files\nodejs/node_mo ...
+ ~~~~~~~~~~~~~~~~~~~~~~~~~~~~~~~~~~~~~~~~~~~~~~~~~~~~~~~~~~~~~~~~~~~~~
    + CategoryInfo          : NotSpecified: (Failed to type check.:String) [], RemoteException
    + FullyQualifiedErrorId : NativeCommandError
 

./scripts/test-api-services.ts:28:36
Type error: Argument of type 'boolean | undefined' is not assignable to parameter of type 'boolean'.
  Type 'undefined' is not assignable to type 'boolean'.

  [90m26 |[0m
  [90m27 |[0m     [36mconst[0m contentType = response.headers.get([32m"content-type"[0m);
[31m[1m>[0m [90m28 |[0m     assert([32m"Content-Type is JSON"[0m, contentType?.includes([32m"application/json"[0m));
  [90m   |[0m                                    [31m[1m^[0m
  [90m29 |[0m
  [90m30 |[0m     [36mconst[0m body = [36mawait[0m response.json();
  [90m31 |[0m     assert([32m"Response has success field"[0m, body.success === [36mtrue[0m);
Next.js build worker exited with code: 1 and signal: null
